// Jest Snapshot v1, https://goo.gl/fbAQLP

exports[`cart resolver case:  1`] = `
Object {
  "data": Object {
    "getCart": null,
  },
  "errors": Array [
    [GraphQLError: Please login to continue],
  ],
}
`;

exports[`cart resolver case:  2`] = `
Object {
  "data": Object {
    "addCategory": Object {
      "id": "1",
      "name": "My Category",
    },
  },
}
`;

exports[`cart resolver case:  3`] = `"My Book"`;

exports[`cart resolver case:  4`] = `"My Book"`;

exports[`cart resolver case:  5`] = `undefined`;
