// Jest Snapshot v1, https://goo.gl/fbAQLP

exports[`start-server should start 1`] = `
Object {
  "message": "pong",
}
`;
